// Jest Snapshot v1, https://goo.gl/fbAQLP

exports[`Badge should render correctly 1`] = `
<div>
  <div
    class="badge"
  >
    my badge
  </div>
</div>
`;
