// Jest Snapshot v1, https://goo.gl/fbAQLP

exports[`SearchForm should render correctly 1`] = `
<form>
  <input
    id="username"
    placeholder="username"
    type="text"
    value=""
  />
  <input
    type="submit"
    value="search"
  />
</form>
`;
